check manifest with custom host:
  1: |
    apiVersion: networking.k8s.io/v1
    kind: Ingress
    metadata:
      annotations:
        alb.ingress.kubernetes.io/healthcheck-path: /
        alb.ingress.kubernetes.io/listen-ports: '[{"HTTPS": 443}]'
        alb.ingress.kubernetes.io/ssl-policy: ELBSecurityPolicy-TLS13-1-2-FIPS-2023-04
      labels:
        app.kubernetes.io/instance: test-release
        app.kubernetes.io/managed-by: Helm
        app.kubernetes.io/version: 1.30.1
        com.secobserve.tenant: secobserve
        helm.sh/chart: secobserve-1.0.0
      name: secobserve-ing
      namespace: test-namespace
    spec:
      ingressClassName: alb
      rules:
        - host: test.example.com
          http:
            paths:
              - backend:
                  service:
                    name: secobserve-svc
                    port:
                      name: backend-http
                path: /api/
                pathType: Prefix
              - backend:
                  service:
                    name: secobserve-svc
                    port:
                      name: backend-http
                path: /django-static/
                pathType: Prefix
              - backend:
                  service:
                    name: secobserve-svc
                    port:
                      name: frontend-http
                path: /
                pathType: Prefix
